// Jest Snapshot v1, https://goo.gl/fbAQLP

exports[`<Layout /> Should render correctly 1`] = `
<div>
  <header
    class="css-15etwxy-HeaderRoot e18nlj2v5"
  >
    <div
      class="css-kubhes-HeaderContainer e18nlj2v4"
    >
      <nav
        class="css-11njdmq-NavRoot e18nlj2v3"
      >
        <div
          class="css-1hbc6ct-ListItem e18nlj2v2"
        >
          <a
            href="#features"
          >
            <span
              class="css-15ani8u-ItemLink er605q0"
              href="#features"
            >
              phrases.features
            </span>
          </a>
          <a
            href="#exampleGetApi"
          >
            <span
              class="css-15ani8u-ItemLink er605q0"
              href="#exampleGetApi"
            >
              phrases.apiExample
            </span>
          </a>
        </div>
        <div
          class="css-13ln5v8-Space e18nlj2v0"
        />
        <div
          class="css-1at58d5-ListActions e18nlj2v1"
        >
          <select
            class="css-1j005nt-SelectRoot e8vzfuc0"
            id="languages"
            name="languages"
          >
            <option
              value="es"
            >
              languages.es
            </option>
            <option
              value="en"
            >
              languages.en
            </option>
          </select>
        </div>
      </nav>
    </div>
  </header>
  <main>
    <div
      class="css-12g2fob-BannerRoot e41i72w3"
    >
      <img
        alt="react-next-boilerplate"
        class="css-1gb4ms7-Logo e41i72w0"
        src="/static/images/reac-next-boilerplate-logo.svg"
      />
      <h1
        class="css-3j23gb-Title e41i72w2"
      >
        title
      </h1>
      <h2
        class="css-15g2rhr-SubTitle e41i72w1"
      >
        subTitle
      </h2>
    </div>
    <div>
      some text
    </div>
  </main>
  <footer
    class="jsx-898115948 root"
  >
    <div
      class="jsx-898115948 container"
    >
      <div
        class="jsx-898115948 row"
      >
        <a
          class="jsx-898115948 link"
          href="https://nextjs.org/features/server-side-rendering"
          rel="noopener noreferrer"
          target="_blank"
        >
          SSR
        </a>
        <a
          class="jsx-898115948 link"
          href="https://nextjs.org/features/static-exporting"
          rel="noopener noreferrer"
          target="_blank"
        >
          Static Exporting
        </a>
        <a
          class="jsx-898115948 link"
          href="https://nextjs.org/features/css-in-js"
          rel="noopener noreferrer"
          target="_blank"
        >
          CSS-in-JS
        </a>
        <a
          class="jsx-898115948 link"
          href="https://nextjs.org/features/progressive-web-apps"
          rel="noopener noreferrer"
          target="_blank"
        >
          PWA
        </a>
      </div>
    </div>
  </footer>
</div>
`;
