// Jest Snapshot v1, https://goo.gl/fbAQLP

exports[`<HomePage /> should render and match the snapshot 1`] = `
<div>
  <header
    class="css-15etwxy-HeaderRoot e18nlj2v5"
  >
    <div
      class="css-kubhes-HeaderContainer e18nlj2v4"
    >
      <nav
        class="css-11njdmq-NavRoot e18nlj2v3"
      >
        <div
          class="css-1hbc6ct-ListItem e18nlj2v2"
        >
          <a
            href="#features"
          >
            <span
              class="css-15ani8u-ItemLink er605q0"
              href="#features"
            >
              phrases.features
            </span>
          </a>
          <a
            href="#exampleGetApi"
          >
            <span
              class="css-15ani8u-ItemLink er605q0"
              href="#exampleGetApi"
            >
              phrases.apiExample
            </span>
          </a>
        </div>
        <div
          class="css-13ln5v8-Space e18nlj2v0"
        />
        <div
          class="css-1at58d5-ListActions e18nlj2v1"
        >
          <select
            class="css-1j005nt-SelectRoot e8vzfuc0"
            id="languages"
            name="languages"
          >
            <option
              value="es"
            >
              languages.es
            </option>
            <option
              value="en"
            >
              languages.en
            </option>
          </select>
        </div>
      </nav>
    </div>
  </header>
  <main>
    <div
      class="css-12g2fob-BannerRoot e41i72w3"
    >
      <img
        alt="react-next-boilerplate"
        class="css-1gb4ms7-Logo e41i72w0"
        src="/static/images/reac-next-boilerplate-logo.svg"
      />
      <h1
        class="css-3j23gb-Title e41i72w2"
      >
        title
      </h1>
      <h2
        class="css-15g2rhr-SubTitle e41i72w1"
      >
        subTitle
      </h2>
    </div>
    <div
      class="css-1a7ifp2-Container e1lkn9gx6"
      id="features"
    >
      <div
        class="css-2gab7u-FeaturesRoot e1lkn9gx5"
      >
        <div
          class="css-4k3a82-FeaturesListContainer e1lkn9gx3"
        >
          <div
            class="css-1iwp3y-FeaturesList e1lkn9gx4"
          >
            <div
              class="css-zinlcv-FeatureItem e1lkn9gx2"
            >
              <h3
                class="css-k216p8-Title e1lkn9gx1"
              >
                SEO
              </h3>
              <p
                class="css-168i06-Content e1lkn9gx0"
              >
                features.seo
              </p>
            </div>
            <div
              class="css-zinlcv-FeatureItem e1lkn9gx2"
            >
              <h3
                class="css-k216p8-Title e1lkn9gx1"
              >
                redux-saga
              </h3>
              <p
                class="css-168i06-Content e1lkn9gx0"
              >
                features.reduxSaga
              </p>
            </div>
            <div
              class="css-zinlcv-FeatureItem e1lkn9gx2"
            >
              <h3
                class="css-k216p8-Title e1lkn9gx1"
              >
                next-i18next
              </h3>
              <p
                class="css-168i06-Content e1lkn9gx0"
              >
                features.nextI18next
              </p>
            </div>
            <div
              class="css-zinlcv-FeatureItem e1lkn9gx2"
            >
              <h3
                class="css-k216p8-Title e1lkn9gx1"
              >
                i18next
              </h3>
              <p
                class="css-168i06-Content e1lkn9gx0"
              >
                features.i18next
              </p>
            </div>
            <div
              class="css-zinlcv-FeatureItem e1lkn9gx2"
            >
              <h3
                class="css-k216p8-Title e1lkn9gx1"
              >
                redux
              </h3>
              <p
                class="css-168i06-Content e1lkn9gx0"
              >
                features.redux
              </p>
            </div>
            <div
              class="css-zinlcv-FeatureItem e1lkn9gx2"
            >
              <h3
                class="css-k216p8-Title e1lkn9gx1"
              >
                reselect
              </h3>
              <p
                class="css-168i06-Content e1lkn9gx0"
              >
                features.reselect
              </p>
            </div>
            <div
              class="css-zinlcv-FeatureItem e1lkn9gx2"
            >
              <h3
                class="css-k216p8-Title e1lkn9gx1"
              >
                Immer
              </h3>
              <p
                class="css-168i06-Content e1lkn9gx0"
              >
                features.immer
              </p>
            </div>
            <div
              class="css-zinlcv-FeatureItem e1lkn9gx2"
            >
              <h3
                class="css-k216p8-Title e1lkn9gx1"
              >
                @testing-library/react
              </h3>
              <p
                class="css-168i06-Content e1lkn9gx0"
              >
                features.testingLibraryReact
              </p>
            </div>
            <div
              class="css-zinlcv-FeatureItem e1lkn9gx2"
            >
              <h3
                class="css-k216p8-Title e1lkn9gx1"
              >
                Typefaces
              </h3>
              <p
                class="css-168i06-Content e1lkn9gx0"
              >
                features.typefaces
              </p>
            </div>
            <div
              class="css-zinlcv-FeatureItem e1lkn9gx2"
            >
              <h3
                class="css-k216p8-Title e1lkn9gx1"
              >
                Emotion
              </h3>
              <p
                class="css-168i06-Content e1lkn9gx0"
              >
                features.emotion
              </p>
            </div>
          </div>
        </div>
      </div>
    </div>
    <div
      class="css-ycbew2-Container emip5oh6"
      id="exampleGetApi"
    >
      <button
        class="css-cms8ac-ButonGetApi emip5oh5"
      >
        phrases.getShowcases
      </button>
    </div>
  </main>
  <footer
    class="jsx-898115948 root"
  >
    <div
      class="jsx-898115948 container"
    >
      <div
        class="jsx-898115948 row"
      >
        <a
          class="jsx-898115948 link"
          href="https://nextjs.org/features/server-side-rendering"
          rel="noopener noreferrer"
          target="_blank"
        >
          SSR
        </a>
        <a
          class="jsx-898115948 link"
          href="https://nextjs.org/features/static-exporting"
          rel="noopener noreferrer"
          target="_blank"
        >
          Static Exporting
        </a>
        <a
          class="jsx-898115948 link"
          href="https://nextjs.org/features/css-in-js"
          rel="noopener noreferrer"
          target="_blank"
        >
          CSS-in-JS
        </a>
        <a
          class="jsx-898115948 link"
          href="https://nextjs.org/features/progressive-web-apps"
          rel="noopener noreferrer"
          target="_blank"
        >
          PWA
        </a>
      </div>
    </div>
  </footer>
</div>
`;
